#
# There is insufficient memory for the Java Runtime Environment to continue.
# Native memory allocation (malloc) failed to allocate 1905040 bytes. Error detail: Chunk::new
# Possible reasons:
#   The system is out of physical RAM or swap space
#   This process is running with CompressedOops enabled, and the Java Heap may be blocking the growth of the native heap
# Possible solutions:
#   Reduce memory load on the system
#   Increase physical memory or swap space
#   Check if swap backing store is full
#   Decrease Java heap size (-Xmx/-Xms)
#   Decrease number of Java threads
#   Decrease Java thread stack sizes (-Xss)
#   Set larger code cache with -XX:ReservedCodeCacheSize=
#   JVM is running with Unscaled Compressed Oops mode in which the Java heap is
#     placed in the first 4GB address space. The Java Heap base address is the
#     maximum limit for the native heap growth. Please use -XX:HeapBaseMinAddress
#     to set the Java Heap base and to place the Java Heap above 4GB virtual address.
# This output file may be truncated or incomplete.
#
#  Out of Memory Error (arena.cpp:168), pid=9220, tid=28432
#
# JRE version: OpenJDK Runtime Environment Temurin-21.0.10+7 (21.0.10+7) (build 21.0.10+7-LTS)
# Java VM: OpenJDK 64-Bit Server VM Temurin-21.0.10+7 (21.0.10+7-LTS, mixed mode, sharing, tiered, compressed oops, compressed class ptrs, parallel gc, windows-amd64)
# No core dump will be written. Minidumps are not enabled by default on client versions of Windows
#

---------------  S U M M A R Y ------------

Command Line: --add-modules=ALL-SYSTEM --add-opens=java.base/java.util=ALL-UNNAMED --add-opens=java.base/java.lang=ALL-UNNAMED --add-opens=java.base/sun.nio.fs=ALL-UNNAMED -Declipse.application=org.eclipse.jdt.ls.core.id1 -Dosgi.bundles.defaultStartLevel=4 -Declipse.product=org.eclipse.jdt.ls.core.product -Djava.import.generatesMetadataFilesAtProjectRoot=false -DDetectVMInstallationsJob.disabled=true -Dfile.encoding=utf8 -XX:+UseParallelGC -XX:GCTimeRatio=4 -XX:AdaptiveSizePolicyWeight=90 -Dsun.zip.disableMemoryMapping=true -Xmx2G -Xms100m -Xlog:disable -javaagent:c:\Users\hoaug\.vscode\extensions\redhat.java-1.53.0-win32-x64\lombok\lombok-1.18.39-4050.jar -XX:+HeapDumpOnOutOfMemoryError -XX:HeapDumpPath=c:\Users\hoaug\AppData\Roaming\Code\User\workspaceStorage\51689b067d28c11a921fe21b227f0f05\redhat.java -Daether.dependencyCollector.impl=bf c:\Users\hoaug\.vscode\extensions\redhat.java-1.53.0-win32-x64\server\plugins\org.eclipse.equinox.launcher_1.7.100.v20251111-0406.jar -configuration c:\Users\hoaug\AppData\Roaming\Code\User\globalStorage\redhat.java\1.53.0\config_win -data c:\Users\hoaug\AppData\Roaming\Code\User\workspaceStorage\51689b067d28c11a921fe21b227f0f05\redhat.java\jdt_ws --pipe=\\.\pipe\lsp-da15428ab5af5b64bb706daba2afb133-sock

Host: AMD Ryzen 9 5900HX with Radeon Graphics        , 16 cores, 59G,  Windows 11 , 64 bit Build 26100 (10.0.26100.7019)
Time: Fri Apr 10 07:58:21 2026 SE Asia Standard Time elapsed time: 7.927226 seconds (0d 0h 0m 7s)

---------------  T H R E A D  ---------------

Current thread (0x0000021cdfa1aaf0):  JavaThread "C2 CompilerThread3" daemon [_thread_in_native, id=28432, stack(0x0000008927900000,0x0000008927a00000) (1024K)]


Current CompileTask:
C2:7927 4858       4       org.lombokweb.asm.ClassReader::readMethod (1070 bytes)

Stack: [0x0000008927900000,0x0000008927a00000]
Native frames: (J=compiled Java code, j=interpreted, Vv=VM code, C=native code)
V  [jvm.dll+0x6d7a39]
V  [jvm.dll+0x8b4b26]
V  [jvm.dll+0x8b70de]
V  [jvm.dll+0x8b77c3]
V  [jvm.dll+0x284346]
V  [jvm.dll+0xc66ed]
V  [jvm.dll+0xc6c31]
V  [jvm.dll+0x3bec3b]
V  [jvm.dll+0x1e3f69]
V  [jvm.dll+0x24c6b3]
V  [jvm.dll+0x24bb40]
V  [jvm.dll+0x1cb34e]
V  [jvm.dll+0x25b85d]
V  [jvm.dll+0x259dea]
V  [jvm.dll+0x3f857e]
V  [jvm.dll+0x85f59d]
V  [jvm.dll+0x6d626d]
C  [ucrtbase.dll+0x37b0]
C  [KERNEL32.DLL+0x2e8d7]
C  [ntdll.dll+0x8c53c]


---------------  P R O C E S S  ---------------

Threads class SMR info:
_java_thread_list=0x0000021ce4c9e7a0, length=30, elements={
0x0000021c82b3b040, 0x0000021c84e4e5c0, 0x0000021c84f42d00, 0x0000021c84f448a0,
0x0000021c84f458b0, 0x0000021c84f4cf00, 0x0000021c84f4e3e0, 0x0000021cddc34f60,
0x0000021cddc56890, 0x0000021cddd9ef40, 0x0000021cddf25100, 0x0000021cdf718750,
0x0000021cdf569080, 0x0000021cdfa1aaf0, 0x0000021ce44d2190, 0x0000021ce401c530,
0x0000021ce41f8000, 0x0000021ce41f4fd0, 0x0000021ce49ceb40, 0x0000021ce48f2080,
0x0000021ce4796ef0, 0x0000021ce4d8cd30, 0x0000021ce4d8b2f0, 0x0000021ce4d8d3c0,
0x0000021ce4d89f40, 0x0000021ce4d8a5d0, 0x0000021ce5514020, 0x0000021ce5135bc0,
0x0000021ce5df9860, 0x0000021cddf52140
}

Java Threads: ( => current thread )
  0x0000021c82b3b040 JavaThread "main"                              [_thread_blocked, id=11716, stack(0x0000008926000000,0x0000008926100000) (1024K)]
  0x0000021c84e4e5c0 JavaThread "Reference Handler"          daemon [_thread_blocked, id=31180, stack(0x0000008926400000,0x0000008926500000) (1024K)]
  0x0000021c84f42d00 JavaThread "Finalizer"                  daemon [_thread_blocked, id=30464, stack(0x0000008926500000,0x0000008926600000) (1024K)]
  0x0000021c84f448a0 JavaThread "Signal Dispatcher"          daemon [_thread_blocked, id=13528, stack(0x0000008926600000,0x0000008926700000) (1024K)]
  0x0000021c84f458b0 JavaThread "Attach Listener"            daemon [_thread_blocked, id=23384, stack(0x0000008926700000,0x0000008926800000) (1024K)]
  0x0000021c84f4cf00 JavaThread "Service Thread"             daemon [_thread_blocked, id=26104, stack(0x0000008926800000,0x0000008926900000) (1024K)]
  0x0000021c84f4e3e0 JavaThread "Monitor Deflation Thread"   daemon [_thread_blocked, id=22788, stack(0x0000008926900000,0x0000008926a00000) (1024K)]
  0x0000021cddc34f60 JavaThread "C2 CompilerThread0"         daemon [_thread_in_native, id=26500, stack(0x0000008926a00000,0x0000008926b00000) (1024K)]
  0x0000021cddc56890 JavaThread "C1 CompilerThread0"         daemon [_thread_blocked, id=25976, stack(0x0000008926b00000,0x0000008926c00000) (1024K)]
  0x0000021cddd9ef40 JavaThread "C2 CompilerThread1"         daemon [_thread_in_native, id=17520, stack(0x0000008926e00000,0x0000008926f00000) (1024K)]
  0x0000021cddf25100 JavaThread "Common-Cleaner"             daemon [_thread_blocked, id=3284, stack(0x0000008926f00000,0x0000008927000000) (1024K)]
  0x0000021cdf718750 JavaThread "Notification Thread"        daemon [_thread_blocked, id=32656, stack(0x0000008927100000,0x0000008927200000) (1024K)]
  0x0000021cdf569080 JavaThread "C2 CompilerThread2"         daemon [_thread_in_native, id=32076, stack(0x0000008927200000,0x0000008927300000) (1024K)]
=>0x0000021cdfa1aaf0 JavaThread "C2 CompilerThread3"         daemon [_thread_in_native, id=28432, stack(0x0000008927900000,0x0000008927a00000) (1024K)]
  0x0000021ce44d2190 JavaThread "Active Thread: Equinox Container: 6680fd3c-ff26-4726-b4dc-35e77338ccd6"        [_thread_blocked, id=27544, stack(0x0000008927a00000,0x0000008927b00000) (1024K)]
  0x0000021ce401c530 JavaThread "Refresh Thread: Equinox Container: 6680fd3c-ff26-4726-b4dc-35e77338ccd6" daemon [_thread_blocked, id=32092, stack(0x0000008927c00000,0x0000008927d00000) (1024K)]
  0x0000021ce41f8000 JavaThread "Framework Event Dispatcher: Equinox Container: 6680fd3c-ff26-4726-b4dc-35e77338ccd6" daemon [_thread_blocked, id=31556, stack(0x0000008927d00000,0x0000008927e00000) (1024K)]
  0x0000021ce41f4fd0 JavaThread "Start Level: Equinox Container: 6680fd3c-ff26-4726-b4dc-35e77338ccd6" daemon [_thread_in_vm, id=30632, stack(0x0000008927e00000,0x0000008927f00000) (1024K)]
  0x0000021ce49ceb40 JavaThread "Bundle File Closer"         daemon [_thread_blocked, id=13928, stack(0x0000008928200000,0x0000008928300000) (1024K)]
  0x0000021ce48f2080 JavaThread "SCR Component Actor"        daemon [_thread_blocked, id=18152, stack(0x0000008928300000,0x0000008928400000) (1024K)]
  0x0000021ce4796ef0 JavaThread "Worker-JM"                         [_thread_blocked, id=32440, stack(0x0000008928400000,0x0000008928500000) (1024K)]
  0x0000021ce4d8cd30 JavaThread "JNA Cleaner"                daemon [_thread_blocked, id=18344, stack(0x0000008928700000,0x0000008928800000) (1024K)]
  0x0000021ce4d8b2f0 JavaThread "Worker-0: Repository registry initialization"        [_thread_in_vm, id=29892, stack(0x0000008928800000,0x0000008928900000) (1024K)]
  0x0000021ce4d8d3c0 JavaThread "Worker-1: Building"                [_thread_in_native, id=30312, stack(0x0000008928900000,0x0000008928a00000) (1024K)]
  0x0000021ce4d89f40 JavaThread "Worker-2: Updating workspace"        [_thread_blocked, id=32056, stack(0x0000008928a00000,0x0000008928b00000) (1024K)]
  0x0000021ce4d8a5d0 JavaThread "Worker-3"                          [_thread_blocked, id=32116, stack(0x0000008928b00000,0x0000008928c00000) (1024K)]
  0x0000021ce5514020 JavaThread "C2 CompilerThread4"         daemon [_thread_in_native, id=31576, stack(0x0000008928c00000,0x0000008928d00000) (1024K)]
  0x0000021ce5135bc0 JavaThread "Java indexing"              daemon [_thread_blocked, id=31928, stack(0x0000008928d00000,0x0000008928e00000) (1024K)]
  0x0000021ce5df9860 JavaThread "C2 CompilerThread5"         daemon [_thread_in_native, id=32156, stack(0x0000008928e00000,0x0000008928f00000) (1024K)]
  0x0000021cddf52140 JavaThread "C2 CompilerThread6"         daemon [_thread_in_native, id=23880, stack(0x0000008927000000,0x0000008927100000) (1024K)]
Total: 30

Other Threads:
  0x0000021c84f40790 VMThread "VM Thread"                           [id=31808, stack(0x0000008926300000,0x0000008926400000) (1024K)]
  0x0000021c84d2ba00 WatcherThread "VM Periodic Task Thread"        [id=1376, stack(0x0000008926200000,0x0000008926300000) (1024K)]
  0x0000021c84ebce30 WorkerThread "GC Thread#0"                     [id=30448, stack(0x0000008926100000,0x0000008926200000) (1024K)]
  0x0000021cdfb4eda0 WorkerThread "GC Thread#1"                     [id=32608, stack(0x0000008927300000,0x0000008927400000) (1024K)]
  0x0000021cdfcaec00 WorkerThread "GC Thread#2"                     [id=7108, stack(0x0000008927400000,0x0000008927500000) (1024K)]
  0x0000021cdf837ea0 WorkerThread "GC Thread#3"                     [id=11724, stack(0x0000008927500000,0x0000008927600000) (1024K)]
  0x0000021cdf838250 WorkerThread "GC Thread#4"                     [id=2188, stack(0x0000008927600000,0x0000008927700000) (1024K)]
  0x0000021cdfbed610 WorkerThread "GC Thread#5"                     [id=4520, stack(0x0000008927700000,0x0000008927800000) (1024K)]
  0x0000021cdf979060 WorkerThread "GC Thread#6"                     [id=28776, stack(0x0000008927800000,0x0000008927900000) (1024K)]
  0x0000021ce45ee570 WorkerThread "GC Thread#7"                     [id=9916, stack(0x0000008927b00000,0x0000008927c00000) (1024K)]
  0x0000021ce4248ca0 WorkerThread "GC Thread#8"                     [id=30440, stack(0x0000008927f00000,0x0000008928000000) (1024K)]
  0x0000021ce4249050 WorkerThread "GC Thread#9"                     [id=17616, stack(0x0000008928000000,0x0000008928100000) (1024K)]
  0x0000021ce4249400 WorkerThread "GC Thread#10"                    [id=27940, stack(0x0000008928100000,0x0000008928200000) (1024K)]
  0x0000021ce49b0930 WorkerThread "GC Thread#11"                    [id=31384, stack(0x0000008928500000,0x0000008928600000) (1024K)]
  0x0000021ce49b01d0 WorkerThread "GC Thread#12"                    [id=19164, stack(0x0000008928600000,0x0000008928700000) (1024K)]
Total: 15

Threads with active compile tasks:
C2 CompilerThread0  8213 5493       4       java.lang.invoke.BoundMethodHandle::<init> (32 bytes)
C2 CompilerThread1  8213 5350       4       java.lang.invoke.MemberName::getMethodOrFieldType (72 bytes)
C2 CompilerThread2  8213 5366   !   4       org.eclipse.osgi.internal.loader.classpath.ClasspathManager::findClassImpl (328 bytes)
C2 CompilerThread3  8213 4858       4       org.lombokweb.asm.ClassReader::readMethod (1070 bytes)
C2 CompilerThread4  8213 5431   !   4       org.eclipse.osgi.internal.loader.classpath.ClasspathManager::findLocalClass (210 bytes)
C2 CompilerThread5  8214 5629 %     4       java.util.Properties$LineReader::readLine @ 53 (584 bytes)
C2 CompilerThread6  8214 5632       4       java.util.Properties::loadConvert (540 bytes)
Total: 7

VM state: not at safepoint (normal execution)

VM Mutex/Monitor currently owned by a thread: None

Heap address: 0x0000000080000000, size: 2048 MB, Compressed Oops mode: 32-bit

CDS archive(s) mapped at: [0x0000021c9c000000-0x0000021c9cba0000-0x0000021c9cba0000), size 12189696, SharedBaseAddress: 0x0000021c9c000000, ArchiveRelocationMode: 1.
Compressed class space mapped at: 0x0000021c9d000000-0x0000021cdd000000, reserved size: 1073741824
Narrow klass base: 0x0000021c9c000000, Narrow klass shift: 0, Narrow klass range: 0x100000000

GC Precious Log:
 CardTable entry size: 512
 CPUs: 16 total, 16 available
 Memory: 61292M
 Large Page Support: Disabled
 NUMA Support: Disabled
 Compressed Oops: Enabled (32-bit)
 Alignments: Space 512K, Generation 512K, Heap 2M
 Heap Min Capacity: 100M
 Heap Initial Capacity: 100M
 Heap Max Capacity: 2G
 Pre-touch: Disabled
 Parallel Workers: 13

Heap:
 PSYoungGen      total 23552K, used 23395K [0x00000000d5580000, 0x00000000d7180000, 0x0000000100000000)
  eden space 22016K, 99% used [0x00000000d5580000,0x00000000d6ade238,0x00000000d6b00000)
  from space 1536K, 98% used [0x00000000d7000000,0x00000000d717aa48,0x00000000d7180000)
  to   space 2560K, 0% used [0x00000000d6c80000,0x00000000d6c80000,0x00000000d6f00000)
 ParOldGen       total 68608K, used 17781K [0x0000000080000000, 0x0000000084300000, 0x00000000d5580000)
  object space 68608K, 25% used [0x0000000080000000,0x000000008115d558,0x0000000084300000)
 Metaspace       used 33506K, committed 34624K, reserved 1114112K
  class space    used 3354K, committed 3840K, reserved 1048576K

Card table byte_map: [0x0000021c84840000,0x0000021c84c50000] _byte_map_base: 0x0000021c84440000

Marking Bits: (ParMarkBitMap*) 0x00007ffaa2db3450
 Begin Bits: [0x0000021c97350000, 0x0000021c99350000)
 End Bits:   [0x0000021c99350000, 0x0000021c9b350000)

Polling page: 0x0000021c82c80000

Metaspace:

Usage:
  Non-class:     29.45 MB used.
      Class:      3.28 MB used.
       Both:     32.72 MB used.

Virtual space:
  Non-class space:       64.00 MB reserved,      30.06 MB ( 47%) committed,  1 nodes.
      Class space:        1.00 GB reserved,       3.75 MB ( <1%) committed,  1 nodes.
             Both:        1.06 GB reserved,      33.81 MB (  3%) committed. 

Chunk freelists:
   Non-Class:  1.53 MB
       Class:  12.20 MB
        Both:  13.73 MB

MaxMetaspaceSize: unlimited
CompressedClassSpaceSize: 1.00 GB
Initial GC threshold: 21.00 MB
Current GC threshold: 35.00 MB
CDS: on
 - commit_granule_bytes: 65536.
 - commit_granule_words: 8192.
 - virtual_space_node_default_size: 8388608.
 - enlarge_chunks_in_place: 1.
 - use_allocation_guard: 0.


Internal statistics:

num_allocs_failed_limit: 3.
num_arena_births: 882.
num_arena_deaths: 14.
num_vsnodes_births: 2.
num_vsnodes_deaths: 0.
num_space_committed: 541.
num_space_uncommitted: 0.
num_chunks_returned_to_freelist: 17.
num_chunks_taken_from_freelist: 2380.
num_chunk_merges: 4.
num_chunk_splits: 1444.
num_chunks_enlarged: 784.
num_inconsistent_stats: 0.

CodeHeap 'non-profiled nmethods': size=119168Kb used=2525Kb max_used=2525Kb free=116643Kb
 bounds [0x0000021c8fc40000, 0x0000021c8fec0000, 0x0000021c970a0000]
CodeHeap 'profiled nmethods': size=119104Kb used=12478Kb max_used=12478Kb free=106625Kb
 bounds [0x0000021c880a0000, 0x0000021c88cd0000, 0x0000021c8f4f0000]
CodeHeap 'non-nmethods': size=7488Kb used=1348Kb max_used=3070Kb free=6139Kb
 bounds [0x0000021c8f4f0000, 0x0000021c8f800000, 0x0000021c8fc40000]
CodeCache: size=245760Kb, used=16351Kb, max_used=18073Kb, free=229407Kb
 total_blobs=6290, nmethods=5648, adapters=548, full_count=0
Compilation: enabled, stopped_count=0, restarted_count=0

Compilation events (20 events):
Event: 6.904 Thread 0x0000021cddd508a0 nmethod 5647 0x0000021c8feb4610 code [0x0000021c8feb47a0, 0x0000021c8feb4868]
Event: 6.904 Thread 0x0000021cddd508a0 5649       1       org.eclipse.jdt.launching.environments.CompatibleEnvironment::getCompatibleEnvironment (5 bytes)
Event: 6.904 Thread 0x0000021cddd51360 5650       1       org.eclipse.jdt.launching.environments.CompatibleEnvironment::isStrictlyCompatbile (5 bytes)
Event: 6.904 Thread 0x0000021cddc56890 5651       1       sun.nio.fs.WindowsException::lastError (5 bytes)
Event: 6.905 Thread 0x0000021cddd508a0 nmethod 5649 0x0000021c8feb4910 code [0x0000021c8feb4aa0, 0x0000021c8feb4b68]
Event: 6.905 Thread 0x0000021cddd51360 nmethod 5650 0x0000021c8feb4c10 code [0x0000021c8feb4da0, 0x0000021c8feb4e70]
Event: 6.905 Thread 0x0000021cddc56890 nmethod 5651 0x0000021c8feb4f10 code [0x0000021c8feb50a0, 0x0000021c8feb5168]
Event: 6.905 Thread 0x0000021cddd508a0 5652       3       org.eclipse.jdt.launching.AbstractVMInstall::equals (50 bytes)
Event: 6.905 Thread 0x0000021cddc56890 5653       3       com.sun.org.apache.xerces.internal.impl.dtd.XMLDTDValidator::getPropertyDefault (36 bytes)
Event: 6.905 Thread 0x0000021cddc56890 nmethod 5653 0x0000021c88cc7890 code [0x0000021c88cc7a60, 0x0000021c88cc7cf0]
Event: 6.905 Thread 0x0000021cddd508a0 nmethod 5652 0x0000021c88cc7e10 code [0x0000021c88cc8000, 0x0000021c88cc8810]
Event: 6.906 Thread 0x0000021cddd51360 5654       3       com.sun.org.apache.xerces.internal.dom.NodeImpl::isIdAttribute (29 bytes)
Event: 6.906 Thread 0x0000021cddd51360 nmethod 5654 0x0000021c88cc8a10 code [0x0000021c88cc8ba0, 0x0000021c88cc8d08]
Event: 6.907 Thread 0x0000021cddd51360 5655       3       org.eclipse.core.internal.registry.ReferenceMap::put (157 bytes)
Event: 6.908 Thread 0x0000021cddd51360 nmethod 5655 0x0000021c88cc8d90 code [0x0000021c88cc9000, 0x0000021c88cc9a00]
Event: 6.910 Thread 0x0000021cddd51360 5656   !   3       org.eclipse.osgi.internal.serviceregistry.ServiceRegistrationImpl::getReferenceImpl (57 bytes)
Event: 6.910 Thread 0x0000021cddc56890 5657       3       sun.invoke.util.VerifyAccess::isModuleAccessible (97 bytes)
Event: 6.911 Thread 0x0000021cddd51360 nmethod 5656 0x0000021c88cc9d90 code [0x0000021c88cca000, 0x0000021c88cca998]
Event: 6.912 Thread 0x0000021cddc56890 nmethod 5657 0x0000021c88ccaf10 code [0x0000021c88ccb1e0, 0x0000021c88ccbe50]
Event: 7.631 Thread 0x0000021cddc56890 5659       3       jdk.internal.misc.Unsafe::putReferenceOpaque (9 bytes)

GC Heap History (20 events):
Event: 1.709 GC heap before
{Heap before GC invocations=4 (full 0):
 PSYoungGen      total 29696K, used 29668K [0x00000000d5580000, 0x00000000d7680000, 0x0000000100000000)
  eden space 25600K, 100% used [0x00000000d5580000,0x00000000d6e80000,0x00000000d6e80000)
  from space 4096K, 99% used [0x00000000d6e80000,0x00000000d7279310,0x00000000d7280000)
  to   space 4096K, 0% used [0x00000000d7280000,0x00000000d7280000,0x00000000d7680000)
 ParOldGen       total 68608K, used 4274K [0x0000000080000000, 0x0000000084300000, 0x00000000d5580000)
  object space 68608K, 6% used [0x0000000080000000,0x000000008042c878,0x0000000084300000)
 Metaspace       used 11318K, committed 11648K, reserved 1114112K
  class space    used 1182K, committed 1344K, reserved 1048576K
}
Event: 1.713 GC heap after
{Heap after GC invocations=4 (full 0):
 PSYoungGen      total 29696K, used 4078K [0x00000000d5580000, 0x00000000d7680000, 0x0000000100000000)
  eden space 25600K, 0% used [0x00000000d5580000,0x00000000d5580000,0x00000000d6e80000)
  from space 4096K, 99% used [0x00000000d7280000,0x00000000d767bbc0,0x00000000d7680000)
  to   space 4096K, 0% used [0x00000000d6e80000,0x00000000d6e80000,0x00000000d7280000)
 ParOldGen       total 68608K, used 6480K [0x0000000080000000, 0x0000000084300000, 0x00000000d5580000)
  object space 68608K, 9% used [0x0000000080000000,0x0000000080654020,0x0000000084300000)
 Metaspace       used 11318K, committed 11648K, reserved 1114112K
  class space    used 1182K, committed 1344K, reserved 1048576K
}
Event: 2.098 GC heap before
{Heap before GC invocations=5 (full 0):
 PSYoungGen      total 29696K, used 29678K [0x00000000d5580000, 0x00000000d7680000, 0x0000000100000000)
  eden space 25600K, 100% used [0x00000000d5580000,0x00000000d6e80000,0x00000000d6e80000)
  from space 4096K, 99% used [0x00000000d7280000,0x00000000d767bbc0,0x00000000d7680000)
  to   space 4096K, 0% used [0x00000000d6e80000,0x00000000d6e80000,0x00000000d7280000)
 ParOldGen       total 68608K, used 6480K [0x0000000080000000, 0x0000000084300000, 0x00000000d5580000)
  object space 68608K, 9% used [0x0000000080000000,0x0000000080654020,0x0000000084300000)
 Metaspace       used 15237K, committed 15808K, reserved 1114112K
  class space    used 1566K, committed 1792K, reserved 1048576K
}
Event: 2.101 GC heap after
{Heap after GC invocations=5 (full 0):
 PSYoungGen      total 29184K, used 4073K [0x00000000d5580000, 0x00000000d7a00000, 0x0000000100000000)
  eden space 25088K, 0% used [0x00000000d5580000,0x00000000d5580000,0x00000000d6e00000)
  from space 4096K, 99% used [0x00000000d6e80000,0x00000000d727a7c0,0x00000000d7280000)
  to   space 6144K, 0% used [0x00000000d7400000,0x00000000d7400000,0x00000000d7a00000)
 ParOldGen       total 68608K, used 7820K [0x0000000080000000, 0x0000000084300000, 0x00000000d5580000)
  object space 68608K, 11% used [0x0000000080000000,0x00000000807a3360,0x0000000084300000)
 Metaspace       used 15237K, committed 15808K, reserved 1114112K
  class space    used 1566K, committed 1792K, reserved 1048576K
}
Event: 2.571 GC heap before
{Heap before GC invocations=6 (full 0):
 PSYoungGen      total 29184K, used 29161K [0x00000000d5580000, 0x00000000d7a00000, 0x0000000100000000)
  eden space 25088K, 100% used [0x00000000d5580000,0x00000000d6e00000,0x00000000d6e00000)
  from space 4096K, 99% used [0x00000000d6e80000,0x00000000d727a7c0,0x00000000d7280000)
  to   space 6144K, 0% used [0x00000000d7400000,0x00000000d7400000,0x00000000d7a00000)
 ParOldGen       total 68608K, used 7820K [0x0000000080000000, 0x0000000084300000, 0x00000000d5580000)
  object space 68608K, 11% used [0x0000000080000000,0x00000000807a3360,0x0000000084300000)
 Metaspace       used 18416K, committed 19136K, reserved 1114112K
  class space    used 1914K, committed 2240K, reserved 1048576K
}
Event: 2.575 GC heap after
{Heap after GC invocations=6 (full 0):
 PSYoungGen      total 30720K, used 6136K [0x00000000d5580000, 0x00000000d7a80000, 0x0000000100000000)
  eden space 24576K, 0% used [0x00000000d5580000,0x00000000d5580000,0x00000000d6d80000)
  from space 6144K, 99% used [0x00000000d7400000,0x00000000d79fe228,0x00000000d7a00000)
  to   space 6656K, 0% used [0x00000000d6d80000,0x00000000d6d80000,0x00000000d7400000)
 ParOldGen       total 68608K, used 7956K [0x0000000080000000, 0x0000000084300000, 0x00000000d5580000)
  object space 68608K, 11% used [0x0000000080000000,0x00000000807c5360,0x0000000084300000)
 Metaspace       used 18416K, committed 19136K, reserved 1114112K
  class space    used 1914K, committed 2240K, reserved 1048576K
}
Event: 2.789 GC heap before
{Heap before GC invocations=7 (full 0):
 PSYoungGen      total 30720K, used 29594K [0x00000000d5580000, 0x00000000d7a80000, 0x0000000100000000)
  eden space 24576K, 95% used [0x00000000d5580000,0x00000000d6c689d0,0x00000000d6d80000)
  from space 6144K, 99% used [0x00000000d7400000,0x00000000d79fe228,0x00000000d7a00000)
  to   space 6656K, 0% used [0x00000000d6d80000,0x00000000d6d80000,0x00000000d7400000)
 ParOldGen       total 68608K, used 7956K [0x0000000080000000, 0x0000000084300000, 0x00000000d5580000)
  object space 68608K, 11% used [0x0000000080000000,0x00000000807c5360,0x0000000084300000)
 Metaspace       used 20670K, committed 21504K, reserved 1114112K
  class space    used 2187K, committed 2560K, reserved 1048576K
}
Event: 2.792 GC heap after
{Heap after GC invocations=7 (full 0):
 PSYoungGen      total 29696K, used 5113K [0x00000000d5580000, 0x00000000d7880000, 0x0000000100000000)
  eden space 24576K, 0% used [0x00000000d5580000,0x00000000d5580000,0x00000000d6d80000)
  from space 5120K, 99% used [0x00000000d6d80000,0x00000000d727e570,0x00000000d7280000)
  to   space 5632K, 0% used [0x00000000d7300000,0x00000000d7300000,0x00000000d7880000)
 ParOldGen       total 68608K, used 9480K [0x0000000080000000, 0x0000000084300000, 0x00000000d5580000)
  object space 68608K, 13% used [0x0000000080000000,0x0000000080942330,0x0000000084300000)
 Metaspace       used 20670K, committed 21504K, reserved 1114112K
  class space    used 2187K, committed 2560K, reserved 1048576K
}
Event: 2.792 GC heap before
{Heap before GC invocations=8 (full 1):
 PSYoungGen      total 29696K, used 5113K [0x00000000d5580000, 0x00000000d7880000, 0x0000000100000000)
  eden space 24576K, 0% used [0x00000000d5580000,0x00000000d5580000,0x00000000d6d80000)
  from space 5120K, 99% used [0x00000000d6d80000,0x00000000d727e570,0x00000000d7280000)
  to   space 5632K, 0% used [0x00000000d7300000,0x00000000d7300000,0x00000000d7880000)
 ParOldGen       total 68608K, used 9480K [0x0000000080000000, 0x0000000084300000, 0x00000000d5580000)
  object space 68608K, 13% used [0x0000000080000000,0x0000000080942330,0x0000000084300000)
 Metaspace       used 20670K, committed 21504K, reserved 1114112K
  class space    used 2187K, committed 2560K, reserved 1048576K
}
Event: 2.822 GC heap after
{Heap after GC invocations=8 (full 1):
 PSYoungGen      total 29696K, used 0K [0x00000000d5580000, 0x00000000d7880000, 0x0000000100000000)
  eden space 24576K, 0% used [0x00000000d5580000,0x00000000d5580000,0x00000000d6d80000)
  from space 5120K, 0% used [0x00000000d6d80000,0x00000000d6d80000,0x00000000d7280000)
  to   space 5632K, 0% used [0x00000000d7300000,0x00000000d7300000,0x00000000d7880000)
 ParOldGen       total 68608K, used 13830K [0x0000000080000000, 0x0000000084300000, 0x00000000d5580000)
  object space 68608K, 20% used [0x0000000080000000,0x0000000080d81a30,0x0000000084300000)
 Metaspace       used 20658K, committed 21504K, reserved 1114112K
  class space    used 2183K, committed 2560K, reserved 1048576K
}
Event: 3.097 GC heap before
{Heap before GC invocations=9 (full 1):
 PSYoungGen      total 29696K, used 24576K [0x00000000d5580000, 0x00000000d7880000, 0x0000000100000000)
  eden space 24576K, 100% used [0x00000000d5580000,0x00000000d6d80000,0x00000000d6d80000)
  from space 5120K, 0% used [0x00000000d6d80000,0x00000000d6d80000,0x00000000d7280000)
  to   space 5632K, 0% used [0x00000000d7300000,0x00000000d7300000,0x00000000d7880000)
 ParOldGen       total 68608K, used 13830K [0x0000000080000000, 0x0000000084300000, 0x00000000d5580000)
  object space 68608K, 20% used [0x0000000080000000,0x0000000080d81a30,0x0000000084300000)
 Metaspace       used 22778K, committed 23744K, reserved 1114112K
  class space    used 2374K, committed 2752K, reserved 1048576K
}
Event: 3.099 GC heap after
{Heap after GC invocations=9 (full 1):
 PSYoungGen      total 27136K, used 2684K [0x00000000d5580000, 0x00000000d7600000, 0x0000000100000000)
  eden space 24064K, 0% used [0x00000000d5580000,0x00000000d5580000,0x00000000d6d00000)
  from space 3072K, 87% used [0x00000000d7300000,0x00000000d759f310,0x00000000d7600000)
  to   space 4096K, 0% used [0x00000000d6e00000,0x00000000d6e00000,0x00000000d7200000)
 ParOldGen       total 68608K, used 13838K [0x0000000080000000, 0x0000000084300000, 0x00000000d5580000)
  object space 68608K, 20% used [0x0000000080000000,0x0000000080d83a30,0x0000000084300000)
 Metaspace       used 22778K, committed 23744K, reserved 1114112K
  class space    used 2374K, committed 2752K, reserved 1048576K
}
Event: 3.297 GC heap before
{Heap before GC invocations=10 (full 1):
 PSYoungGen      total 27136K, used 26748K [0x00000000d5580000, 0x00000000d7600000, 0x0000000100000000)
  eden space 24064K, 100% used [0x00000000d5580000,0x00000000d6d00000,0x00000000d6d00000)
  from space 3072K, 87% used [0x00000000d7300000,0x00000000d759f310,0x00000000d7600000)
  to   space 4096K, 0% used [0x00000000d6e00000,0x00000000d6e00000,0x00000000d7200000)
 ParOldGen       total 68608K, used 13838K [0x0000000080000000, 0x0000000084300000, 0x00000000d5580000)
  object space 68608K, 20% used [0x0000000080000000,0x0000000080d83a30,0x0000000084300000)
 Metaspace       used 25698K, committed 26624K, reserved 1114112K
  class space    used 2561K, committed 2944K, reserved 1048576K
}
Event: 3.300 GC heap after
{Heap after GC invocations=10 (full 1):
 PSYoungGen      total 25600K, used 1784K [0x00000000d5580000, 0x00000000d7380000, 0x0000000100000000)
  eden space 23552K, 0% used [0x00000000d5580000,0x00000000d5580000,0x00000000d6c80000)
  from space 2048K, 87% used [0x00000000d6e00000,0x00000000d6fbe368,0x00000000d7000000)
  to   space 2560K, 0% used [0x00000000d7100000,0x00000000d7100000,0x00000000d7380000)
 ParOldGen       total 68608K, used 13846K [0x0000000080000000, 0x0000000084300000, 0x00000000d5580000)
  object space 68608K, 20% used [0x0000000080000000,0x0000000080d85a30,0x0000000084300000)
 Metaspace       used 25698K, committed 26624K, reserved 1114112K
  class space    used 2561K, committed 2944K, reserved 1048576K
}
Event: 3.451 GC heap before
{Heap before GC invocations=11 (full 1):
 PSYoungGen      total 25600K, used 25336K [0x00000000d5580000, 0x00000000d7380000, 0x0000000100000000)
  eden space 23552K, 100% used [0x00000000d5580000,0x00000000d6c80000,0x00000000d6c80000)
  from space 2048K, 87% used [0x00000000d6e00000,0x00000000d6fbe368,0x00000000d7000000)
  to   space 2560K, 0% used [0x00000000d7100000,0x00000000d7100000,0x00000000d7380000)
 ParOldGen       total 68608K, used 13846K [0x0000000080000000, 0x0000000084300000, 0x00000000d5580000)
  object space 68608K, 20% used [0x0000000080000000,0x0000000080d85a30,0x0000000084300000)
 Metaspace       used 27483K, committed 28416K, reserved 1114112K
  class space    used 2686K, committed 3072K, reserved 1048576K
}
Event: 3.456 GC heap after
{Heap after GC invocations=11 (full 1):
 PSYoungGen      total 25600K, used 2504K [0x00000000d5580000, 0x00000000d7380000, 0x0000000100000000)
  eden space 23040K, 0% used [0x00000000d5580000,0x00000000d5580000,0x00000000d6c00000)
  from space 2560K, 97% used [0x00000000d7100000,0x00000000d73722b0,0x00000000d7380000)
  to   space 3072K, 0% used [0x00000000d6d80000,0x00000000d6d80000,0x00000000d7080000)
 ParOldGen       total 68608K, used 15016K [0x0000000080000000, 0x0000000084300000, 0x00000000d5580000)
  object space 68608K, 21% used [0x0000000080000000,0x0000000080eaa230,0x0000000084300000)
 Metaspace       used 27483K, committed 28416K, reserved 1114112K
  class space    used 2686K, committed 3072K, reserved 1048576K
}
Event: 4.612 GC heap before
{Heap before GC invocations=12 (full 1):
 PSYoungGen      total 25600K, used 25544K [0x00000000d5580000, 0x00000000d7380000, 0x0000000100000000)
  eden space 23040K, 100% used [0x00000000d5580000,0x00000000d6c00000,0x00000000d6c00000)
  from space 2560K, 97% used [0x00000000d7100000,0x00000000d73722b0,0x00000000d7380000)
  to   space 3072K, 0% used [0x00000000d6d80000,0x00000000d6d80000,0x00000000d7080000)
 ParOldGen       total 68608K, used 15016K [0x0000000080000000, 0x0000000084300000, 0x00000000d5580000)
  object space 68608K, 21% used [0x0000000080000000,0x0000000080eaa230,0x0000000084300000)
 Metaspace       used 28410K, committed 29440K, reserved 1114112K
  class space    used 2747K, committed 3200K, reserved 1048576K
}
Event: 4.614 GC heap after
{Heap after GC invocations=12 (full 1):
 PSYoungGen      total 23552K, used 800K [0x00000000d5580000, 0x00000000d7180000, 0x0000000100000000)
  eden space 22528K, 0% used [0x00000000d5580000,0x00000000d5580000,0x00000000d6b80000)
  from space 1024K, 78% used [0x00000000d6d80000,0x00000000d6e48000,0x00000000d6e80000)
  to   space 1536K, 0% used [0x00000000d7000000,0x00000000d7000000,0x00000000d7180000)
 ParOldGen       total 68608K, used 17197K [0x0000000080000000, 0x0000000084300000, 0x00000000d5580000)
  object space 68608K, 25% used [0x0000000080000000,0x00000000810cb518,0x0000000084300000)
 Metaspace       used 28410K, committed 29440K, reserved 1114112K
  class space    used 2747K, committed 3200K, reserved 1048576K
}
Event: 5.753 GC heap before
{Heap before GC invocations=13 (full 1):
 PSYoungGen      total 23552K, used 23328K [0x00000000d5580000, 0x00000000d7180000, 0x0000000100000000)
  eden space 22528K, 100% used [0x00000000d5580000,0x00000000d6b80000,0x00000000d6b80000)
  from space 1024K, 78% used [0x00000000d6d80000,0x00000000d6e48000,0x00000000d6e80000)
  to   space 1536K, 0% used [0x00000000d7000000,0x00000000d7000000,0x00000000d7180000)
 ParOldGen       total 68608K, used 17197K [0x0000000080000000, 0x0000000084300000, 0x00000000d5580000)
  object space 68608K, 25% used [0x0000000080000000,0x00000000810cb518,0x0000000084300000)
 Metaspace       used 30461K, committed 31424K, reserved 1114112K
  class space    used 2976K, committed 3392K, reserved 1048576K
}
Event: 5.755 GC heap after
{Heap after GC invocations=13 (full 1):
 PSYoungGen      total 23552K, used 1514K [0x00000000d5580000, 0x00000000d7180000, 0x0000000100000000)
  eden space 22016K, 0% used [0x00000000d5580000,0x00000000d5580000,0x00000000d6b00000)
  from space 1536K, 98% used [0x00000000d7000000,0x00000000d717aa48,0x00000000d7180000)
  to   space 2560K, 0% used [0x00000000d6c80000,0x00000000d6c80000,0x00000000d6f00000)
 ParOldGen       total 68608K, used 17781K [0x0000000080000000, 0x0000000084300000, 0x00000000d5580000)
  object space 68608K, 25% used [0x0000000080000000,0x000000008115d558,0x0000000084300000)
 Metaspace       used 30461K, committed 31424K, reserved 1114112K
  class space    used 2976K, committed 3392K, reserved 1048576K
}

Dll operation events (10 events):
Event: 0.009 Loaded shared library c:\Users\hoaug\.vscode\extensions\redhat.java-1.53.0-win32-x64\jre\21.0.10-win32-x86_64\bin\java.dll
Event: 0.035 Loaded shared library c:\Users\hoaug\.vscode\extensions\redhat.java-1.53.0-win32-x64\jre\21.0.10-win32-x86_64\bin\zip.dll
Event: 0.083 Loaded shared library C:\Users\hoaug\.vscode\extensions\redhat.java-1.53.0-win32-x64\jre\21.0.10-win32-x86_64\bin\instrument.dll
Event: 0.088 Loaded shared library C:\Users\hoaug\.vscode\extensions\redhat.java-1.53.0-win32-x64\jre\21.0.10-win32-x86_64\bin\net.dll
Event: 0.090 Loaded shared library C:\Users\hoaug\.vscode\extensions\redhat.java-1.53.0-win32-x64\jre\21.0.10-win32-x86_64\bin\nio.dll
Event: 0.092 Loaded shared library C:\Users\hoaug\.vscode\extensions\redhat.java-1.53.0-win32-x64\jre\21.0.10-win32-x86_64\bin\zip.dll
Event: 0.107 Loaded shared library C:\Users\hoaug\.vscode\extensions\redhat.java-1.53.0-win32-x64\jre\21.0.10-win32-x86_64\bin\jimage.dll
Event: 0.168 Loaded shared library c:\Users\hoaug\.vscode\extensions\redhat.java-1.53.0-win32-x64\jre\21.0.10-win32-x86_64\bin\verify.dll
Event: 1.113 Loaded shared library C:\Users\hoaug\AppData\Roaming\Code\User\globalStorage\redhat.java\1.53.0\config_win\org.eclipse.equinox.launcher\org.eclipse.equinox.launcher.win32.win32.x86_64_1.3.0.v20260203-2149\eclipse_11919.dll
Event: 2.370 Loaded shared library C:\Users\hoaug\AppData\Local\Temp\jna-99449932\jna14978018347309392768.dll

Deoptimization events (20 events):
Event: 6.896 Thread 0x0000021ce41f4fd0 Uncommon trap: trap_request=0xffffffde fr.pc=0x0000021c8fe07a18 relative=0x00000000000002d8
Event: 6.896 Thread 0x0000021ce41f4fd0 Uncommon trap: reason=class_check action=maybe_recompile pc=0x0000021c8fe07a18 method=java.io.ObjectInputStream$PeekInputStream.read([BII)I @ 20 c2
Event: 6.896 Thread 0x0000021ce41f4fd0 DEOPT PACKING pc=0x0000021c8fe07a18 sp=0x0000008927efde20
Event: 6.896 Thread 0x0000021ce41f4fd0 DEOPT UNPACKING pc=0x0000021c8f543aa2 sp=0x0000008927efddc0 mode 2
Event: 6.896 Thread 0x0000021ce41f4fd0 Uncommon trap: trap_request=0xffffffde fr.pc=0x0000021c8fe045c0 relative=0x0000000000000400
Event: 6.896 Thread 0x0000021ce41f4fd0 Uncommon trap: reason=class_check action=maybe_recompile pc=0x0000021c8fe045c0 method=java.io.ObjectInputStream$PeekInputStream.peek()I @ 17 c2
Event: 6.896 Thread 0x0000021ce41f4fd0 DEOPT PACKING pc=0x0000021c8fe045c0 sp=0x0000008927efde20
Event: 6.896 Thread 0x0000021ce41f4fd0 DEOPT UNPACKING pc=0x0000021c8f543aa2 sp=0x0000008927efddd0 mode 2
Event: 6.896 Thread 0x0000021ce41f4fd0 Uncommon trap: trap_request=0xffffffde fr.pc=0x0000021c8fe045c0 relative=0x0000000000000400
Event: 6.896 Thread 0x0000021ce41f4fd0 Uncommon trap: reason=class_check action=maybe_recompile pc=0x0000021c8fe045c0 method=java.io.ObjectInputStream$PeekInputStream.peek()I @ 17 c2
Event: 6.896 Thread 0x0000021ce41f4fd0 DEOPT PACKING pc=0x0000021c8fe045c0 sp=0x0000008927efdf00
Event: 6.896 Thread 0x0000021ce41f4fd0 DEOPT UNPACKING pc=0x0000021c8f543aa2 sp=0x0000008927efdeb0 mode 2
Event: 6.902 Thread 0x0000021ce41f4fd0 Uncommon trap: trap_request=0xffffff45 fr.pc=0x0000021c8fe0378c relative=0x00000000000001ec
Event: 6.902 Thread 0x0000021ce41f4fd0 Uncommon trap: reason=unstable_if action=reinterpret pc=0x0000021c8fe0378c method=java.lang.AbstractStringBuilder.appendChars([CII)V @ 43 c2
Event: 6.902 Thread 0x0000021ce41f4fd0 DEOPT PACKING pc=0x0000021c8fe0378c sp=0x0000008927efddb0
Event: 6.902 Thread 0x0000021ce41f4fd0 DEOPT UNPACKING pc=0x0000021c8f543aa2 sp=0x0000008927efdd28 mode 2
Event: 6.902 Thread 0x0000021ce41f4fd0 Uncommon trap: trap_request=0xffffff45 fr.pc=0x0000021c8feabda4 relative=0x00000000000004a4
Event: 6.902 Thread 0x0000021ce41f4fd0 Uncommon trap: reason=unstable_if action=reinterpret pc=0x0000021c8feabda4 method=java.lang.String.getBytes([BIB)V @ 5 c2
Event: 6.902 Thread 0x0000021ce41f4fd0 DEOPT PACKING pc=0x0000021c8feabda4 sp=0x0000008927efdd80
Event: 6.902 Thread 0x0000021ce41f4fd0 DEOPT UNPACKING pc=0x0000021c8f543aa2 sp=0x0000008927efdc68 mode 2

Classes loaded (20 events):
Event: 5.865 Loading class sun/reflect/generics/repository/AbstractRepository
Event: 5.866 Loading class sun/reflect/generics/repository/AbstractRepository done
Event: 5.866 Loading class sun/reflect/generics/repository/GenericDeclRepository done
Event: 5.866 Loading class sun/reflect/generics/repository/ClassRepository done
Event: 5.866 Loading class sun/reflect/generics/tree/FormalTypeParameter
Event: 5.866 Loading class sun/reflect/generics/tree/FormalTypeParameter done
Event: 5.866 Loading class sun/reflect/generics/tree/ClassSignature
Event: 5.866 Loading class sun/reflect/generics/tree/Signature
Event: 5.866 Loading class sun/reflect/generics/tree/Signature done
Event: 5.866 Loading class sun/reflect/generics/tree/ClassSignature done
Event: 5.867 Loading class sun/reflect/annotation/TypeAnnotation$TypeAnnotationTarget
Event: 5.867 Loading class sun/reflect/annotation/TypeAnnotation$TypeAnnotationTarget done
Event: 5.867 Loading class sun/reflect/annotation/TypeAnnotation$LocationInfo
Event: 5.867 Loading class sun/reflect/annotation/TypeAnnotation$LocationInfo done
Event: 5.867 Loading class sun/reflect/annotation/TypeAnnotation$LocationInfo$Location
Event: 5.867 Loading class sun/reflect/annotation/TypeAnnotation$LocationInfo$Location done
Event: 5.867 Loading class sun/reflect/annotation/AnnotatedTypeFactory
Event: 5.867 Loading class sun/reflect/annotation/AnnotatedTypeFactory done
Event: 5.867 Loading class sun/reflect/annotation/AnnotatedTypeFactory$AnnotatedTypeBaseImpl
Event: 6.887 Loading class sun/reflect/annotation/AnnotatedTypeFactory$AnnotatedTypeBaseImpl done

Classes unloaded (7 events):
Event: 2.795 Thread 0x0000021c84f40790 Unloading class 0x0000021c9d1ab000 'java/lang/invoke/LambdaForm$MH+0x0000021c9d1ab000'
Event: 2.795 Thread 0x0000021c84f40790 Unloading class 0x0000021c9d1aac00 'java/lang/invoke/LambdaForm$MH+0x0000021c9d1aac00'
Event: 2.795 Thread 0x0000021c84f40790 Unloading class 0x0000021c9d1aa800 'java/lang/invoke/LambdaForm$MH+0x0000021c9d1aa800'
Event: 2.795 Thread 0x0000021c84f40790 Unloading class 0x0000021c9d1aa400 'java/lang/invoke/LambdaForm$MH+0x0000021c9d1aa400'
Event: 2.795 Thread 0x0000021c84f40790 Unloading class 0x0000021c9d1aa000 'java/lang/invoke/LambdaForm$BMH+0x0000021c9d1aa000'
Event: 2.795 Thread 0x0000021c84f40790 Unloading class 0x0000021c9d1a9c00 'java/lang/invoke/LambdaForm$DMH+0x0000021c9d1a9c00'
Event: 2.795 Thread 0x0000021c84f40790 Unloading class 0x0000021c9d1a8c00 'java/lang/invoke/LambdaForm$DMH+0x0000021c9d1a8c00'

Classes redefined (0 events):
No events

Internal exceptions (20 events):
Event: 5.842 Thread 0x0000021ce4d8d3c0 Exception <a 'sun/nio/fs/WindowsException'{0x00000000d6109868}> (0x00000000d6109868) 
thrown [s\src\hotspot\share\prims\jni.cpp, line 520]
Event: 5.843 Thread 0x0000021ce4d8d3c0 Exception <a 'sun/nio/fs/WindowsException'{0x00000000d610bff0}> (0x00000000d610bff0) 
thrown [s\src\hotspot\share\prims\jni.cpp, line 520]
Event: 5.843 Thread 0x0000021ce4d8d3c0 Exception <a 'sun/nio/fs/WindowsException'{0x00000000d610cb48}> (0x00000000d610cb48) 
thrown [s\src\hotspot\share\prims\jni.cpp, line 520]
Event: 5.846 Thread 0x0000021ce4d8d3c0 Exception <a 'java/lang/NoSuchMethodError'{0x00000000d629cc78}: 'void java.lang.invoke.DirectMethodHandle$Holder.invokeVirtual(java.lang.Object, java.lang.Object, java.lang.Object, java.lang.Object)'> (0x00000000d629cc78) 
thrown [s\src\hotspot\share\interpreter\linkResolver.cpp, line 773]
Event: 5.862 Thread 0x0000021ce4d8d3c0 Exception <a 'java/lang/NoSuchMethodError'{0x00000000d63fb110}: 'int java.lang.invoke.DirectMethodHandle$Holder.invokeSpecial(java.lang.Object, java.lang.Object, java.lang.Object, java.lang.Object)'> (0x00000000d63fb110) 
thrown [s\src\hotspot\share\interpreter\linkResolver.cpp, line 773]
Event: 6.902 Thread 0x0000021ce4d8d3c0 Exception <a 'sun/nio/fs/WindowsException'{0x00000000d673c580}> (0x00000000d673c580) 
thrown [s\src\hotspot\share\prims\jni.cpp, line 520]
Event: 6.902 Thread 0x0000021ce4d8d3c0 Exception <a 'sun/nio/fs/WindowsException'{0x00000000d673d088}> (0x00000000d673d088) 
thrown [s\src\hotspot\share\prims\jni.cpp, line 520]
Event: 6.904 Thread 0x0000021ce4d8d3c0 Exception <a 'sun/nio/fs/WindowsException'{0x00000000d6746960}> (0x00000000d6746960) 
thrown [s\src\hotspot\share\prims\jni.cpp, line 520]
Event: 6.904 Thread 0x0000021ce4d8d3c0 Exception <a 'sun/nio/fs/WindowsException'{0x00000000d6747240}> (0x00000000d6747240) 
thrown [s\src\hotspot\share\prims\jni.cpp, line 520]
Event: 6.904 Thread 0x0000021ce4d8d3c0 Exception <a 'sun/nio/fs/WindowsException'{0x00000000d674a038}> (0x00000000d674a038) 
thrown [s\src\hotspot\share\prims\jni.cpp, line 520]
Event: 6.904 Thread 0x0000021ce4d8d3c0 Exception <a 'sun/nio/fs/WindowsException'{0x00000000d674a918}> (0x00000000d674a918) 
thrown [s\src\hotspot\share\prims\jni.cpp, line 520]
Event: 6.904 Thread 0x0000021ce4d8d3c0 Exception <a 'sun/nio/fs/WindowsException'{0x00000000d674db58}> (0x00000000d674db58) 
thrown [s\src\hotspot\share\prims\jni.cpp, line 520]
Event: 6.904 Thread 0x0000021ce4d8d3c0 Exception <a 'sun/nio/fs/WindowsException'{0x00000000d674e518}> (0x00000000d674e518) 
thrown [s\src\hotspot\share\prims\jni.cpp, line 520]
Event: 6.904 Thread 0x0000021ce4d8d3c0 Exception <a 'sun/nio/fs/WindowsException'{0x00000000d6751fa0}> (0x00000000d6751fa0) 
thrown [s\src\hotspot\share\prims\jni.cpp, line 520]
Event: 6.905 Thread 0x0000021ce4d8d3c0 Exception <a 'sun/nio/fs/WindowsException'{0x00000000d6752af8}> (0x00000000d6752af8) 
thrown [s\src\hotspot\share\prims\jni.cpp, line 520]
Event: 6.909 Thread 0x0000021ce4d8d3c0 Exception <a 'sun/nio/fs/WindowsException'{0x00000000d683b8b8}> (0x00000000d683b8b8) 
thrown [s\src\hotspot\share\prims\jni.cpp, line 520]
Event: 6.909 Thread 0x0000021ce4d8d3c0 Exception <a 'sun/nio/fs/WindowsException'{0x00000000d683c198}> (0x00000000d683c198) 
thrown [s\src\hotspot\share\prims\jni.cpp, line 520]
Event: 6.910 Thread 0x0000021ce41f4fd0 Exception <a 'java/io/FileNotFoundException'{0x00000000d67f64e0}> (0x00000000d67f64e0) 
thrown [s\src\hotspot\share\prims\jni.cpp, line 520]
Event: 6.913 Thread 0x0000021ce4d8d3c0 Exception <a 'sun/nio/fs/WindowsException'{0x00000000d6850990}> (0x00000000d6850990) 
thrown [s\src\hotspot\share\prims\jni.cpp, line 520]
Event: 6.913 Thread 0x0000021ce4d8d3c0 Exception <a 'sun/nio/fs/WindowsException'{0x00000000d6850fc0}> (0x00000000d6850fc0) 
thrown [s\src\hotspot\share\prims\jni.cpp, line 520]

ZGC Phase Switch (0 events):
No events

VM Operations (20 events):
Event: 3.451 Executing safepoint VM operation: ParallelGCFailedAllocation (Allocation Failure)
Event: 3.456 Executing safepoint VM operation: ParallelGCFailedAllocation (Allocation Failure) done
Event: 4.471 Executing safepoint VM operation: Cleanup
Event: 4.611 Executing safepoint VM operation: Cleanup done
Event: 4.612 Executing safepoint VM operation: ParallelGCFailedAllocation (Allocation Failure)
Event: 4.614 Executing safepoint VM operation: ParallelGCFailedAllocation (Allocation Failure) done
Event: 4.620 Executing non-safepoint VM operation: HandshakeAllThreads (Deoptimize)
Event: 4.620 Executing non-safepoint VM operation: HandshakeAllThreads (Deoptimize) done
Event: 4.670 Executing non-safepoint VM operation: HandshakeAllThreads (Deoptimize)
Event: 4.670 Executing non-safepoint VM operation: HandshakeAllThreads (Deoptimize) done
Event: 5.676 Executing safepoint VM operation: Cleanup
Event: 5.676 Executing safepoint VM operation: Cleanup done
Event: 5.750 Executing safepoint VM operation: ParallelGCFailedAllocation (Allocation Failure)
Event: 5.755 Executing safepoint VM operation: ParallelGCFailedAllocation (Allocation Failure) done
Event: 5.808 Executing non-safepoint VM operation: HandshakeAllThreads (Deoptimize)
Event: 5.808 Executing non-safepoint VM operation: HandshakeAllThreads (Deoptimize) done
Event: 6.809 Executing safepoint VM operation: Cleanup
Event: 6.886 Executing safepoint VM operation: Cleanup done
Event: 7.894 Executing safepoint VM operation: Cleanup
Event: 7.894 Executing safepoint VM operation: Cleanup done

Memory protections (0 events):
No events

Nmethod flushes (0 events):
No events

Events (20 events):
Event: 0.714 Thread 0x0000021cddf52140 Thread added: 0x0000021cdfa1aaf0
Event: 0.931 Thread 0x0000021c82b3b040 Thread added: 0x0000021ce44d2190
Event: 1.109 Thread 0x0000021c82b3b040 Thread added: 0x0000021ce401c530
Event: 1.136 Thread 0x0000021ce401c530 Thread added: 0x0000021ce41f8000
Event: 1.140 Thread 0x0000021c82b3b040 Thread added: 0x0000021ce41f4fd0
Event: 1.421 Thread 0x0000021ce41f4fd0 Thread added: 0x0000021ce49ceb40
Event: 1.719 Thread 0x0000021ce41f4fd0 Thread added: 0x0000021ce48f2080
Event: 1.957 Thread 0x0000021ce41f4fd0 Thread added: 0x0000021ce4796ef0
Event: 2.392 Thread 0x0000021ce41f4fd0 Thread added: 0x0000021ce4d8cd30
Event: 2.449 Thread 0x0000021ce41f4fd0 Thread added: 0x0000021ce4d8b2f0
Event: 2.468 Thread 0x0000021ce41f4fd0 Thread added: 0x0000021ce4d8d3c0
Event: 2.670 Thread 0x0000021ce4d8d3c0 Thread added: 0x0000021ce4d89f40
Event: 4.611 Thread 0x0000021ce4d89f40 Thread added: 0x0000021ce4d8a5d0
Event: 4.636 Thread 0x0000021cddd51360 Thread added: 0x0000021ce5514020
Event: 4.645 Thread 0x0000021ce41f4fd0 Thread added: 0x0000021ce5135bc0
Event: 5.843 Thread 0x0000021cddd508a0 Thread added: 0x0000021ce5df9860
Event: 6.887 Thread 0x0000021cddf52140 Thread exited: 0x0000021cddf52140
Event: 6.898 Thread 0x0000021cddd51360 Thread added: 0x0000021cddf52140
Event: 7.631 Thread 0x0000021cddd51360 Thread exited: 0x0000021cddd51360
Event: 7.631 Thread 0x0000021cddd508a0 Thread exited: 0x0000021cddd508a0


Dynamic libraries:
0x00007ff63e8b0000 - 0x00007ff63e8be000 	c:\Users\hoaug\.vscode\extensions\redhat.java-1.53.0-win32-x64\jre\21.0.10-win32-x86_64\bin\java.exe
0x00007ffb7de20000 - 0x00007ffb7e088000 	C:\Windows\SYSTEM32\ntdll.dll
0x00007ffb7bf40000 - 0x00007ffb7c009000 	C:\Windows\System32\KERNEL32.DLL
0x00007ffb7b180000 - 0x00007ffb7b578000 	C:\Windows\System32\KERNELBASE.dll
0x00007ffb7b7d0000 - 0x00007ffb7b91b000 	C:\Windows\System32\ucrtbase.dll
0x00007ffb763d0000 - 0x00007ffb763ee000 	c:\Users\hoaug\.vscode\extensions\redhat.java-1.53.0-win32-x64\jre\21.0.10-win32-x86_64\bin\VCRUNTIME140.dll
0x00007ffb747c0000 - 0x00007ffb747d8000 	c:\Users\hoaug\.vscode\extensions\redhat.java-1.53.0-win32-x64\jre\21.0.10-win32-x86_64\bin\jli.dll
0x00007ffb7db90000 - 0x00007ffb7dd57000 	C:\Windows\System32\USER32.dll
0x00007ffb64e50000 - 0x00007ffb650e4000 	C:\Windows\WinSxS\amd64_microsoft.windows.common-controls_6595b64144ccf1df_6.0.26100.7019_none_3e06ffa0e335b8a8\COMCTL32.dll
0x00007ffb7b630000 - 0x00007ffb7b657000 	C:\Windows\System32\win32u.dll
0x00007ffb7c250000 - 0x00007ffb7c2f9000 	C:\Windows\System32\msvcrt.dll
0x00007ffb7bce0000 - 0x00007ffb7bd0b000 	C:\Windows\System32\GDI32.dll
0x00007ffb7b920000 - 0x00007ffb7ba4c000 	C:\Windows\System32\gdi32full.dll
0x00007ffb7b580000 - 0x00007ffb7b623000 	C:\Windows\System32\msvcp_win.dll
0x00007ffb7cec0000 - 0x00007ffb7cef1000 	C:\Windows\System32\IMM32.DLL
0x00007ffb747b0000 - 0x00007ffb747bc000 	c:\Users\hoaug\.vscode\extensions\redhat.java-1.53.0-win32-x64\jre\21.0.10-win32-x86_64\bin\vcruntime140_1.dll
0x00007ffb62f00000 - 0x00007ffb62f8d000 	c:\Users\hoaug\.vscode\extensions\redhat.java-1.53.0-win32-x64\jre\21.0.10-win32-x86_64\bin\msvcp140.dll
0x00007ffaa20f0000 - 0x00007ffaa2e91000 	c:\Users\hoaug\.vscode\extensions\redhat.java-1.53.0-win32-x64\jre\21.0.10-win32-x86_64\bin\server\jvm.dll
0x00007ffb7cfe0000 - 0x00007ffb7d094000 	C:\Windows\System32\ADVAPI32.dll
0x00007ffb7c110000 - 0x00007ffb7c1b6000 	C:\Windows\System32\sechost.dll
0x00007ffb7bbc0000 - 0x00007ffb7bcd8000 	C:\Windows\System32\RPCRT4.dll
0x00007ffb7c1d0000 - 0x00007ffb7c244000 	C:\Windows\System32\WS2_32.dll
0x00007ffb72240000 - 0x00007ffb7224b000 	C:\Windows\SYSTEM32\VERSION.dll
0x00007ffb72200000 - 0x00007ffb72235000 	C:\Windows\SYSTEM32\WINMM.dll
0x00007ffb79b50000 - 0x00007ffb79bae000 	C:\Windows\SYSTEM32\POWRPROF.dll
0x00007ffb79b30000 - 0x00007ffb79b44000 	C:\Windows\SYSTEM32\UMPDC.dll
0x00007ffb79e10000 - 0x00007ffb79e2b000 	C:\Windows\SYSTEM32\kernel.appcore.dll
0x00007ffb747a0000 - 0x00007ffb747aa000 	c:\Users\hoaug\.vscode\extensions\redhat.java-1.53.0-win32-x64\jre\21.0.10-win32-x86_64\bin\jimage.dll
0x00007ffb6bd60000 - 0x00007ffb6bfa2000 	C:\Windows\SYSTEM32\DBGHELP.DLL
0x00007ffb7d640000 - 0x00007ffb7d9cb000 	C:\Windows\System32\combase.dll
0x00007ffb7cf00000 - 0x00007ffb7cfd7000 	C:\Windows\System32\OLEAUT32.dll
0x00007ffb65600000 - 0x00007ffb6563c000 	C:\Windows\SYSTEM32\dbgcore.DLL
0x00007ffb7ba50000 - 0x00007ffb7baf5000 	C:\Windows\System32\bcryptPrimitives.dll
0x00007ffb74790000 - 0x00007ffb7479f000 	c:\Users\hoaug\.vscode\extensions\redhat.java-1.53.0-win32-x64\jre\21.0.10-win32-x86_64\bin\instrument.dll
0x00007ffb74770000 - 0x00007ffb74790000 	c:\Users\hoaug\.vscode\extensions\redhat.java-1.53.0-win32-x64\jre\21.0.10-win32-x86_64\bin\java.dll
0x00007ffb7c4f0000 - 0x00007ffb7cc3f000 	C:\Windows\System32\SHELL32.dll
0x00007ffb7b660000 - 0x00007ffb7b7cb000 	C:\Windows\System32\wintypes.dll
0x00007ffb78b90000 - 0x00007ffb793ed000 	C:\Windows\SYSTEM32\windows.storage.dll
0x00007ffb7c010000 - 0x00007ffb7c102000 	C:\Windows\System32\SHCORE.dll
0x00007ffb7cc50000 - 0x00007ffb7ccb7000 	C:\Windows\System32\shlwapi.dll
0x00007ffb7ae90000 - 0x00007ffb7aeb9000 	C:\Windows\SYSTEM32\profapi.dll
0x00007ffb66d80000 - 0x00007ffb66d98000 	c:\Users\hoaug\.vscode\extensions\redhat.java-1.53.0-win32-x64\jre\21.0.10-win32-x86_64\bin\zip.dll
0x00007ffb67dd0000 - 0x00007ffb67de0000 	C:\Users\hoaug\.vscode\extensions\redhat.java-1.53.0-win32-x64\jre\21.0.10-win32-x86_64\bin\net.dll
0x00007ffb73740000 - 0x00007ffb73868000 	C:\Windows\SYSTEM32\WINHTTP.dll
0x00007ffb7a360000 - 0x00007ffb7a3cb000 	C:\Windows\system32\mswsock.dll
0x00007ffb66d30000 - 0x00007ffb66d46000 	C:\Users\hoaug\.vscode\extensions\redhat.java-1.53.0-win32-x64\jre\21.0.10-win32-x86_64\bin\nio.dll
0x00007ffb66d20000 - 0x00007ffb66d30000 	c:\Users\hoaug\.vscode\extensions\redhat.java-1.53.0-win32-x64\jre\21.0.10-win32-x86_64\bin\verify.dll
0x00007ffb63d90000 - 0x00007ffb63dd5000 	C:\Users\hoaug\AppData\Roaming\Code\User\globalStorage\redhat.java\1.53.0\config_win\org.eclipse.equinox.launcher\org.eclipse.equinox.launcher.win32.win32.x86_64_1.3.0.v20260203-2149\eclipse_11919.dll
0x00007ffb7d9f0000 - 0x00007ffb7db87000 	C:\Windows\System32\ole32.dll
0x00007ffb7a750000 - 0x00007ffb7a76b000 	C:\Windows\SYSTEM32\CRYPTSP.dll
0x00007ffb79d70000 - 0x00007ffb79daa000 	C:\Windows\system32\rsaenh.dll
0x00007ffb7a410000 - 0x00007ffb7a43b000 	C:\Windows\SYSTEM32\USERENV.dll
0x00007ffb7ae60000 - 0x00007ffb7ae8a000 	C:\Windows\SYSTEM32\bcrypt.dll
0x00007ffb7a5b0000 - 0x00007ffb7a5bc000 	C:\Windows\SYSTEM32\CRYPTBASE.dll
0x00007ffb79770000 - 0x00007ffb797a4000 	C:\Windows\SYSTEM32\IPHLPAPI.DLL
0x00007ffb7cdc0000 - 0x00007ffb7cdca000 	C:\Windows\System32\NSI.dll
0x00007ffb56cc0000 - 0x00007ffb56d09000 	C:\Users\hoaug\AppData\Local\Temp\jna-99449932\jna14978018347309392768.dll
0x00007ffb7bf20000 - 0x00007ffb7bf28000 	C:\Windows\System32\PSAPI.DLL

JVMTI agents:
c:\Users\hoaug\.vscode\extensions\redhat.java-1.53.0-win32-x64\lombok\lombok-1.18.39-4050.jar path:c:\Users\hoaug\.vscode\extensions\redhat.java-1.53.0-win32-x64\jre\21.0.10-win32-x86_64\bin\instrument.dll, loaded, initialized, instrumentlib options:none

dbghelp: loaded successfully - version: 4.0.5 - missing functions: none
symbol engine: initialized successfully - sym options: 0x614 - pdb path: .;c:\Users\hoaug\.vscode\extensions\redhat.java-1.53.0-win32-x64\jre\21.0.10-win32-x86_64\bin;C:\Windows\SYSTEM32;C:\Windows\WinSxS\amd64_microsoft.windows.common-controls_6595b64144ccf1df_6.0.26100.7019_none_3e06ffa0e335b8a8;c:\Users\hoaug\.vscode\extensions\redhat.java-1.53.0-win32-x64\jre\21.0.10-win32-x86_64\bin\server;C:\Users\hoaug\AppData\Roaming\Code\User\globalStorage\redhat.java\1.53.0\config_win\org.eclipse.equinox.launcher\org.eclipse.equinox.launcher.win32.win32.x86_64_1.3.0.v20260203-2149;C:\Users\hoaug\AppData\Local\Temp\jna-99449932

VM Arguments:
jvm_args: --add-modules=ALL-SYSTEM --add-opens=java.base/java.util=ALL-UNNAMED --add-opens=java.base/java.lang=ALL-UNNAMED --add-opens=java.base/sun.nio.fs=ALL-UNNAMED -Declipse.application=org.eclipse.jdt.ls.core.id1 -Dosgi.bundles.defaultStartLevel=4 -Declipse.product=org.eclipse.jdt.ls.core.product -Djava.import.generatesMetadataFilesAtProjectRoot=false -DDetectVMInstallationsJob.disabled=true -Dfile.encoding=utf8 -XX:+UseParallelGC -XX:GCTimeRatio=4 -XX:AdaptiveSizePolicyWeight=90 -Dsun.zip.disableMemoryMapping=true -Xmx2G -Xms100m -Xlog:disable -javaagent:c:\Users\hoaug\.vscode\extensions\redhat.java-1.53.0-win32-x64\lombok\lombok-1.18.39-4050.jar -XX:+HeapDumpOnOutOfMemoryError -XX:HeapDumpPath=c:\Users\hoaug\AppData\Roaming\Code\User\workspaceStorage\51689b067d28c11a921fe21b227f0f05\redhat.java -Daether.dependencyCollector.impl=bf 
java_command: c:\Users\hoaug\.vscode\extensions\redhat.java-1.53.0-win32-x64\server\plugins\org.eclipse.equinox.launcher_1.7.100.v20251111-0406.jar -configuration c:\Users\hoaug\AppData\Roaming\Code\User\globalStorage\redhat.java\1.53.0\config_win -data c:\Users\hoaug\AppData\Roaming\Code\User\workspaceStorage\51689b067d28c11a921fe21b227f0f05\redhat.java\jdt_ws --pipe=\\.\pipe\lsp-da15428ab5af5b64bb706daba2afb133-sock
java_class_path (initial): c:\Users\hoaug\.vscode\extensions\redhat.java-1.53.0-win32-x64\server\plugins\org.eclipse.equinox.launcher_1.7.100.v20251111-0406.jar
Launcher Type: SUN_STANDARD

[Global flags]
    uintx AdaptiveSizePolicyWeight                 = 90                                        {product} {command line}
     intx CICompilerCount                          = 12                                        {product} {ergonomic}
    uintx GCTimeRatio                              = 4                                         {product} {command line}
     bool HeapDumpOnOutOfMemoryError               = true                                   {manageable} {command line}
    ccstr HeapDumpPath                             = c:\Users\hoaug\AppData\Roaming\Code\User\workspaceStorage\51689b067d28c11a921fe21b227f0f05\redhat.java         {manageable} {command line}
   size_t InitialHeapSize                          = 104857600                                 {product} {command line}
   size_t MaxHeapSize                              = 2147483648                                {product} {command line}
   size_t MaxNewSize                               = 715653120                                 {product} {ergonomic}
   size_t MinHeapDeltaBytes                        = 524288                                    {product} {ergonomic}
   size_t MinHeapSize                              = 104857600                                 {product} {command line}
   size_t NewSize                                  = 34603008                                  {product} {ergonomic}
    uintx NonNMethodCodeHeapSize                   = 7602480                                {pd product} {ergonomic}
    uintx NonProfiledCodeHeapSize                  = 122027880                              {pd product} {ergonomic}
   size_t OldSize                                  = 70254592                                  {product} {ergonomic}
    uintx ProfiledCodeHeapSize                     = 122027880                              {pd product} {ergonomic}
    uintx ReservedCodeCacheSize                    = 251658240                              {pd product} {ergonomic}
     bool SegmentedCodeCache                       = true                                      {product} {ergonomic}
   size_t SoftMaxHeapSize                          = 2147483648                             {manageable} {ergonomic}
     bool UseCompressedOops                        = true                           {product lp64_product} {ergonomic}
     bool UseLargePagesIndividualAllocation        = false                                  {pd product} {ergonomic}
     bool UseParallelGC                            = true                                      {product} {command line}

Logging:
Log output configuration:
 #0: stdout all=off uptime,level,tags foldmultilines=false
 #1: stderr all=off uptime,level,tags foldmultilines=false

Release file:
JAVA_VERSION="21.0.10" 
MODULES="java.base java.compiler java.datatransfer java.xml java.prefs java.desktop java.instrument java.logging java.management java.security.sasl java.naming java.rmi java.management.rmi java.net.http java.scripting java.security.jgss java.transaction.xa java.sql java.sql.rowset java.xml.crypto java.se java.smartcardio jdk.accessibility jdk.internal.jvmstat jdk.attach jdk.charsets jdk.internal.opt jdk.zipfs jdk.compiler jdk.crypto.ec jdk.crypto.cryptoki jdk.crypto.mscapi jdk.dynalink jdk.internal.ed jdk.editpad jdk.hotspot.agent jdk.httpserver jdk.internal.le jdk.internal.vm.ci jdk.internal.vm.compiler jdk.internal.vm.compiler.management jdk.jartool jdk.javadoc jdk.jcmd jdk.management jdk.management.agent jdk.jconsole jdk.jdeps jdk.jdwp.agent jdk.jdi jdk.jfr jdk.jshell jdk.jsobject jdk.jstatd jdk.localedata jdk.management.jfr jdk.naming.dns jdk.naming.rmi jdk.net jdk.nio.mapmode jdk.random jdk.sctp jdk.security.auth jdk.security.jgss jdk.unsupported jdk.unsupported.desktop jdk.xml.dom" 

Environment Variables:
JAVA_HOME=C:\Program Files\Java\jdk-21
PATH=C:\Users\hoaug\AppData\Local\Programs\Microsoft VS Code;C:\Program Files\Eclipse Adoptium\jdk-25.0.1.8-hotspot\bin;C:\Program Files\Common Files\Oracle\Java\javapath;C:\Program Files\Java\jdk-21\bin;C:\Windows\system32;C:\Windows;C:\Windows\System32\Wbem;C:\Windows\System32\WindowsPowerShell\v1.0\;C:\Windows\System32\OpenSSH\;C:\Windows\AtlasModules;C:\Windows\AtlasModules\Tools;C:\Windows\AtlasModules\Scripts;C:\Program Files\dotnet\;C:\Program Files\PowerShell\7\;C:\Program Files\PuTTY\;C:\Program Files\Git\cmd;C:\Program Files\Cloudflare\Cloudflare WARP\;C:\Program Files\Docker\Docker\resources\bin;C:\Program Files\nodejs\;C:\Users\hoaug\AppData\Roaming\npm;;C:\Program Files (x86)\NVIDIA Corporation\PhysX\Common;C:\Program Files\Tailscale\;C:\Program Files\Microsoft SQL Server\170\Tools\Binn\;C:\Program Files\Microsoft SQL Server\Client SDK\ODBC\170\Tools\Binn\;C:\Program Files (x86)\Windows Kits\10\Windows Performance Toolkit\;C:\Program Files (x86)\Microsoft SQL Server\170\Tools\Binn\;C:\Program Files\Microsoft SQL Server\Client SDK\ODBC\180\Tools\Binn\;C:\Program Files\Microsoft SQL Server\170\DTS\Binn\;C:\Program Files\PyManager\;C:\Program Files (x86)\Graphviz\bin;C:\Users\hoaug\AppData\Local\Programs\Python\Python314\Scripts\;C:\Users\hoaug\AppData\Local\Programs\Python\Python314\;C:\Users\hoaug\AppData\Local\Microsoft\WindowsApps;C:\Users\hoaug\AppData\Local\Programs\Microsoft VS Code\bin;C:\Users\hoaug\.dotnet\tools;C:\Users\hoaug\AppData\Local\Microsoft\WinGet\Links;C:\MinGW\bin;C:\Program Files\Cloudflare;C:\Users\hoaug\AppData\Local\Programs\LenovoLegionToolkit\;C:\Users\hoaug\AppData\Roaming\npm;C:\Program Files\nodejs\;C:\Users\hoaug\AppData\Local\Programs\Antigravity\bin;C:\Users\hoaug;C:\Gradle\bin;C:\Users\hoaug\.lmstudio\bin;C:\Users\hoaug\platform-tools;C:\Users\hoaug\.dotnet\tools
USERNAME=hoaug
OS=Windows_NT
PROCESSOR_IDENTIFIER=AMD64 Family 25 Model 80 Stepping 0, AuthenticAMD
TMP=C:\Users\hoaug\AppData\Local\Temp
TEMP=C:\Users\hoaug\AppData\Local\Temp




Periodic native trim disabled

---------------  S Y S T E M  ---------------

OS:
 Windows 11 , 64 bit Build 26100 (10.0.26100.7019)
OS uptime: 0 days 0:58 hours
Hyper-V role detected

CPU: total 16 (initial active 16) (16 cores per cpu, 2 threads per core) family 25 model 80 stepping 0 microcode 0xa50000f, cx8, cmov, fxsr, ht, mmx, 3dnowpref, sse, sse2, sse3, ssse3, sse4a, sse4.1, sse4.2, popcnt, lzcnt, tsc, tscinvbit, avx, avx2, aes, erms, clmul, bmi1, bmi2, adx, sha, fma, vzeroupper, clflush, clflushopt, hv, rdtscp, rdpid, fsrm, f16c, cet_ss
Processor Information for the first 16 processors :
  Max Mhz: 3301, Current Mhz: 3301, Mhz Limit: 3301

Memory: 4k page, system-wide physical 61292M (15184M free)
TotalPageFile size 61292M (AvailPageFile size 214M)
current process WorkingSet (physical memory assigned to process): 223M, peak: 224M
current process commit charge ("private bytes"): 363M, peak: 364M

vm_info: OpenJDK 64-Bit Server VM (21.0.10+7-LTS) for windows-amd64 JRE (21.0.10+7-LTS), built on 2026-01-20T00:00:00Z by "admin" with MS VC++ 17.12 (VS2022)

END.
